------------------------------------------------------------------------------------------------------------------------

[2025-05-27 17:52:56 #1 store] 
Database 'C:\Users\begol\Dropbox\materias cole\DAW1_Programación\Tareas\BDOrientada a objetos\ObjectDB_Ejemplo\db\libros.odb' is opened by 4620@LAPTOP-SB1NJB3H

[2025-05-27 17:52:56 #2 store] 
Configuration path: ?

[2025-05-27 17:52:57 #3 type] 
Type objetodb.Libro is not enhanced.

[2025-05-27 17:52:57 #4 store] 
Database 'C:\Users\begol\Dropbox\materias cole\DAW1_Programación\Tareas\BDOrientada a objetos\ObjectDB_Ejemplo\db\libros.odb' is closed by 4620@LAPTOP-SB1NJB3H

------------------------------------------------------------------------------------------------------------------------

[2025-05-27 17:55:25 #1 store] 
Database 'C:\Users\begol\Dropbox\materias cole\DAW1_Programación\Tareas\BDOrientada a objetos\ObjectDB_Ejemplo\db\libros.odb' is opened by 10392@LAPTOP-SB1NJB3H

[2025-05-27 17:55:25 #2 store] 
Configuration path: ?

[2025-05-27 17:55:25 #3 type] 
Type objetodb.Libro is not enhanced.

[2025-05-27 17:55:25 #4 store] 
Database 'C:\Users\begol\Dropbox\materias cole\DAW1_Programación\Tareas\BDOrientada a objetos\ObjectDB_Ejemplo\db\libros.odb' is closed by 10392@LAPTOP-SB1NJB3H

------------------------------------------------------------------------------------------------------------------------

[2025-05-27 18:40:38 #1 store] 
Database 'C:\Users\begol\Dropbox\materias cole\DAW1_Programación\Tareas\BDOrientada a objetos\ObjectDB_Ejemplo\db\libros.odb' is opened by 10528@LAPTOP-SB1NJB3H

[2025-05-27 18:40:38 #2 store] 
Configuration path: ?

[2025-05-27 18:40:38 #3 type] 
Type objetodb.Libro is not enhanced.

------------------------------------------------------------------------------------------------------------------------

[2025-05-27 18:42:07 #1 store] 
Database 'C:\Users\begol\Dropbox\materias cole\DAW1_Programación\Tareas\BDOrientada a objetos\ObjectDB_Ejemplo\db\libros.odb' is opened by 37408@LAPTOP-SB1NJB3H

[2025-05-27 18:42:07 #2 store] 
Configuration path: ?

[2025-05-27 18:42:07 #3 type] 
Type objetodb.Libro is not enhanced.

[2025-05-27 18:44:06 #4 store] 
Database 'C:\Users\begol\Dropbox\materias cole\DAW1_Programación\Tareas\BDOrientada a objetos\ObjectDB_Ejemplo\db\libros.odb' is closed by 37408@LAPTOP-SB1NJB3H

------------------------------------------------------------------------------------------------------------------------

[2025-05-27 18:44:18 #1 store] 
Database 'C:\Users\begol\Dropbox\materias cole\DAW1_Programación\Tareas\BDOrientada a objetos\ObjectDB_Ejemplo\db\libros.odb' is opened by 3904@LAPTOP-SB1NJB3H

[2025-05-27 18:44:18 #2 store] 
Configuration path: ?

[2025-05-27 18:44:18 #3 type] 
Type objetodb.Libro is not enhanced.

------------------------------------------------------------------------------------------------------------------------

[2025-05-27 18:56:23 #1 store] 
Database 'C:\Users\begol\Dropbox\materias cole\DAW1_Programación\Tareas\BDOrientada a objetos\ObjectDB_Ejemplo\db\libros.odb' is opened by 41004@LAPTOP-SB1NJB3H

[2025-05-27 18:56:23 #2 store] 
Configuration path: ?

[2025-05-27 18:56:23 #3 type] 
Type objetodb.Libro is not enhanced.

[2025-05-27 18:57:29 #4 store] 
Database 'C:\Users\begol\Dropbox\materias cole\DAW1_Programación\Tareas\BDOrientada a objetos\ObjectDB_Ejemplo\db\libros.odb' is closed by 41004@LAPTOP-SB1NJB3H

------------------------------------------------------------------------------------------------------------------------

[2025-05-27 19:00:09 #1 store] 
Database 'C:\Users\begol\Dropbox\materias cole\DAW1_Programación\Tareas\BDOrientada a objetos\ObjectDB_Ejemplo\db\libros.odb' is opened by 26768@LAPTOP-SB1NJB3H

[2025-05-27 19:00:09 #2 store] 
Configuration path: ?

[2025-05-27 19:00:09 #3 type] 
Type objetodb.Libro is not enhanced.

------------------------------------------------------------------------------------------------------------------------

[2025-05-27 21:32:01 #1 store] 
Database 'C:\Users\begol\Dropbox\materias cole\DAW1_Programación\Tareas\BDOrientada a objetos\ObjectDB_Ejemplo\db\libros.odb' is opened by 25524@LAPTOP-SB1NJB3H

[2025-05-27 21:32:01 #2 store] 
Configuration path: ?

[2025-05-27 21:32:17 #3 type] 
Type objetodb.Libro is not enhanced.

------------------------------------------------------------------------------------------------------------------------

[2025-05-27 21:36:38 #1 store] 
Database 'C:\Users\begol\Dropbox\materias cole\DAW1_Programación\Tareas\BDOrientada a objetos\ObjectDB_Ejemplo\db\libros.odb' is opened by 1288@LAPTOP-SB1NJB3H

[2025-05-27 21:36:38 #2 store] 
Configuration path: ?

[2025-05-27 21:36:41 #3 type] 
Type objetodb.Libro is not enhanced.

------------------------------------------------------------------------------------------------------------------------

[2025-05-27 23:19:34 #1 store] 
Database 'C:\Users\begol\Dropbox\materias cole\DAW1_Programación\Tareas\BDOrientada a objetos\ObjectDB_Ejemplo\db\libros.odb' is opened by 34912@LAPTOP-SB1NJB3H

[2025-05-27 23:19:34 #2 store] 
Configuration path: ?

[2025-05-27 23:19:52 #3 type] 
Type objetodb.Libro is not enhanced.

[2025-05-27 23:20:08 #4 store] 
Database 'C:\Users\begol\Dropbox\materias cole\DAW1_Programación\Tareas\BDOrientada a objetos\ObjectDB_Ejemplo\db\libros.odb' is closed by 34912@LAPTOP-SB1NJB3H

------------------------------------------------------------------------------------------------------------------------

[2025-05-27 23:21:21 #1 store] 
Database 'C:\Users\begol\Dropbox\materias cole\DAW1_Programación\Tareas\BDOrientada a objetos\ObjectDB_Ejemplo\db\libros.odb' is opened by 38196@LAPTOP-SB1NJB3H

[2025-05-27 23:21:21 #2 store] 
Configuration path: ?

[2025-05-27 23:21:25 #3 type] 
Type objetodb.Libro is not enhanced.

[2025-05-27 23:23:21 #4 store] 
Database 'C:\Users\begol\Dropbox\materias cole\DAW1_Programación\Tareas\BDOrientada a objetos\ObjectDB_Ejemplo\db\libros.odb' is closed by 38196@LAPTOP-SB1NJB3H

